
> shiploop@0.0.0 verify
> node scripts/verify.ts

verify: root /private<SNAPSHOT-ROOT>
verify: 开发工程检查编排（非 ShipLoop 业务 Verifier，不含 accept:p01 验收）
verify: step timeout 600000ms (finite; non-zero exit / signal / timeout all fail)
verify: precheck package-lock.json OK (lockfileVersion 3, name "shiploop", version "0.0.0")
verify: using npm via npm_execpath (<NODE-PREFIX>/lib/node_modules/npm/bin/npm-cli.js)
verify: [1/3] RUN npm test

> shiploop@0.0.0 test
> node scripts/run-tests.ts

run-tests: using local vitest@5.0.3 (/private<SNAPSHOT-ROOT>/node_modules/vitest/vitest.mjs) in run mode

 RUN  v5.0.3 /private<SNAPSHOT-ROOT>

Cloning into '/var/folders/03/09x81qt13yv6wjcklmvcs82m0000gn/T/shiploop-p013-f005-6PF2TD/clone-a'...
done.
Cloning into '/var/folders/03/09x81qt13yv6wjcklmvcs82m0000gn/T/shiploop-p013-f005-6PF2TD/clone-b'...
done.
Preparing worktree (detached HEAD 56045be)

 Test Files  34 passed (34)
      Tests  695 passed (695)
   Start at  05:14:59
   Duration  5.70s (tests 88%, transform 7%, import 5%)

verify: [1/3] EXIT 0 npm test (6.0s)
verify: [2/3] RUN npm run typecheck

> shiploop@0.0.0 typecheck
> tsc -p tsconfig.json

verify: [2/3] EXIT 0 npm run typecheck (0.2s)
verify: [3/3] RUN npm run build

> shiploop@0.0.0 build
> tsc -b packages/core/tsconfig.json packages/host/tsconfig.json packages/cli/tsconfig.json && node scripts/smoke-built-entries.ts

ok shiploop-core: assembly entry ./dist/adapters/composition.js (150ms) -> core-assembly-smoke: ok project=c9ea808c-cb38-499d-83d5-b1dc9a98f294 dataRootEntries=core.sqlite migrated=true
ok shiploop-core: loaded ./dist/index.js (exit=0, 25ms, no side effects)
ok shiploop-host: loaded ./dist/index.js (exit=0, 19ms, no side effects)
ok shiploop-cli: loaded ./dist/index.js (exit=0, 19ms, no side effects)
verify: [3/3] EXIT 0 npm run build (0.4s)
verify: PASS 3/3 checks exited 0
