$ npm run verify


> shiploop@0.0.0 verify
> node scripts/verify.ts

verify: root <SNAPSHOT-ROOT>
verify: 开发工程检查编排（非 ShipLoop 业务 Verifier，不含 accept:p01 验收）
verify: step timeout 600000ms (finite; non-zero exit / signal / timeout all fail)
verify: precheck package-lock.json OK (lockfileVersion 3, name "shiploop", version "0.0.0")
verify: using npm via npm_execpath (<HOME>/.nvm/versions/node/v22.19.0/lib/node_modules/npm/bin/npm-cli.js)
verify: [1/3] RUN npm test

> shiploop@0.0.0 test
> node scripts/run-tests.ts

run-tests: using local vitest@5.0.3 (<SNAPSHOT-ROOT>/node_modules/vitest/vitest.mjs) in run mode

 RUN  v5.0.3 <SNAPSHOT-ROOT>

P01_ENG_BUILD_SMOKE_SCAN {"dist_entry":"./dist/adapters/composition.js","declared_entries":["shiploop-core:./dist/adapters/composition.d.ts","shiploop-core:./dist/adapters/composition.js","shiploop-core:./dist/index.d.ts","shiploop-core:./dist/index.js"],"migration_resources":[{"file":"pkg/dist/adapters/sqlite/migrations.js","versions":[1,2]}],"path_scan_ok":true,"path_scan_findings":0,"file_manifest_count":109,"file_manifest_total_bytes":727366,"file_manifest_sha256":"05ff9d902453d096243a16bc4927398ce56d7ce7fa6f95404880538602eb35cb"}
P01_ENG_BUILD_SMOKE_RUN {"dist_entry":"dist/adapters/composition.js","cwd_relative":true,"loaded_modules":["shiploop-core/assembly","shiploop-core"],"migration_resources_in_place":true,"artifact_reopened_verified":true,"user_data_writes":0}

 Test Files  45 passed (45)
      Tests  792 passed (792)
   Start at  07:01:55
   Duration  6.27s (tests 92%, transform 4%, import 3%)

verify: [1/3] EXIT 0 npm test (6.5s)
verify: [2/3] RUN npm run typecheck

> shiploop@0.0.0 typecheck
> tsc -p tsconfig.json

verify: [2/3] EXIT 0 npm run typecheck (0.3s)
verify: [3/3] RUN npm run build

> shiploop@0.0.0 build
> tsc -b packages/core/tsconfig.json packages/host/tsconfig.json packages/cli/tsconfig.json && node scripts/smoke-built-entries.ts

ok shiploop-core: assembly entry ./dist/adapters/composition.js (161ms) -> core-assembly-smoke: ok project=b7fed2bc-12cc-45d4-ac63-972992b24ede artifact=894e9779-9204-44a9-826d-c4846cb2234b artifactHash=57f73f0da44d dataRootEntries=core.sqlite migrated=true
ok shiploop-core: loaded ./dist/index.js (exit=0, 26ms, no side effects)
ok shiploop-host: loaded ./dist/index.js (exit=0, 19ms, no side effects)
ok shiploop-cli: loaded ./dist/index.js (exit=0, 19ms, no side effects)
verify: [3/3] EXIT 0 npm run build (0.4s)
verify: PASS 3/3 checks exited 0
Cloning into '<TMPDIR>/shiploop-p013-f005-g1KepS/clone-a'...
done.
Cloning into '<TMPDIR>/shiploop-p013-f005-g1KepS/clone-b'...
done.
Preparing worktree (detached HEAD a0c19da)
